// Jest Snapshot v1, https://goo.gl/fbAQLP

exports[`<CreateFeke /> 1`] = `
Array [
  <div
    className="createfeke-page"
  >
    <h3
      className="validateInput"
    >
      
    </h3>
    <h1>
      Mitaki! Select and name your feke
    </h1>
    <form
      onSubmit={[Function]}
    >
      <div
        className="createfeke-container"
      >
        <img
          className="createfeke-image"
          name="feke-blue.png"
          onClick={[Function]}
          src="images/feke-blue.png"
        />
        <img
          className="createfeke-image"
          name="feke-green.png"
          onClick={[Function]}
          src="images/feke-green.png"
        />
        <img
          className="createfeke-image"
          name="feke-purple.png"
          onClick={[Function]}
          src="images/feke-purple.png"
        />
        <img
          className="createfeke-image"
          name="feke-red.png"
          onClick={[Function]}
          src="images/feke-red.png"
        />
      </div>
      <div
        className="createfeke-container"
      >
        <label
          htmlFor="name"
        >
          Name 
        </label>
        <input
          name="name"
          onChange={[Function]}
          type="text"
          value=""
        />
        <label
          htmlFor="village"
        >
          Village 
        </label>
        <select
          className="createfeke-select"
          onChange={[Function]}
          value="Avatele"
        >
          <option
            village="alofi"
          >
            Alofi
          </option>
          <option
            village="avatele"
          >
            Avatele
          </option>
          <option
            village="hakupu"
          >
            Hakupu
          </option>
          <option
            village="hikutavake"
          >
            Hikutavake
          </option>
          <option
            village="lakepa"
          >
            Lakepa
          </option>
          <option
            village="liku"
          >
            Liku
          </option>
          <option
            village="makefu"
          >
            Makefu
          </option>
          <option
            village="mutalau"
          >
            Mutalau
          </option>
          <option
            village="namukulu"
          >
            Namukulu
          </option>
          <option
            village="tamakautoga"
          >
            Tamakautoga
          </option>
          <option
            village="toi"
          >
            Toi
          </option>
          <option
            village="tuapa"
          >
            Tuapa
          </option>
          <option
            village="vaiea"
          >
            Vaiea
          </option>
        </select>
        <input
          className="createfeke-submit ui purple button"
          type="submit"
          value="GO! FEKE"
        />
      </div>
    </form>
  </div>,
  ")",
]
`;

exports[`<CreateFeke /> 2`] = `
Array [
  <div
    className="createfeke-page"
  >
    <h3
      className="validateInput"
    >
      
    </h3>
    <h1>
      Mitaki! Select and name your feke
    </h1>
    <form
      onSubmit={[Function]}
    >
      <div
        className="createfeke-container"
      >
        <img
          className="createfeke-image"
          name="feke-blue.png"
          onClick={[Function]}
          src="images/feke-blue.png"
        />
        <img
          className="createfeke-image"
          name="feke-green.png"
          onClick={[Function]}
          src="images/feke-green.png"
        />
        <img
          className="createfeke-image"
          name="feke-purple.png"
          onClick={[Function]}
          src="images/feke-purple.png"
        />
        <img
          className="createfeke-image"
          name="feke-red.png"
          onClick={[Function]}
          src="images/feke-red.png"
        />
      </div>
      <div
        className="createfeke-container"
      >
        <label
          htmlFor="name"
        >
          Name 
        </label>
        <input
          name="name"
          onChange={[Function]}
          type="text"
          value=""
        />
        <label
          htmlFor="village"
        >
          Village 
        </label>
        <select
          className="createfeke-select"
          onChange={[Function]}
          value="Avatele"
        >
          <option
            village="alofi"
          >
            Alofi
          </option>
          <option
            village="avatele"
          >
            Avatele
          </option>
          <option
            village="hakupu"
          >
            Hakupu
          </option>
          <option
            village="hikutavake"
          >
            Hikutavake
          </option>
          <option
            village="lakepa"
          >
            Lakepa
          </option>
          <option
            village="liku"
          >
            Liku
          </option>
          <option
            village="makefu"
          >
            Makefu
          </option>
          <option
            village="mutalau"
          >
            Mutalau
          </option>
          <option
            village="namukulu"
          >
            Namukulu
          </option>
          <option
            village="tamakautoga"
          >
            Tamakautoga
          </option>
          <option
            village="toi"
          >
            Toi
          </option>
          <option
            village="tuapa"
          >
            Tuapa
          </option>
          <option
            village="vaiea"
          >
            Vaiea
          </option>
        </select>
        <input
          className="createfeke-submit ui purple button"
          type="submit"
          value="GO! FEKE"
        />
      </div>
    </form>
  </div>,
  ")",
]
`;

exports[`<Dashboard /> 1`] = `"<Dashboard />)"`;

exports[`<Header /> 1`] = `"<Link /><Link />"`;
